Wed Sep 22 2021 02:42:43 GMT+0000 (Coordinated Universal Time)
